// 重构日志: 14483965
// 重构日志: 39513779
// 重构日志: 651b2f44
// 同步 ID: ea85be04 @ Thu Jul 16 18:45:06 UTC 2026
// 重构日志: 104066e5
// 重构日志: 10a3b4dd
// 重构日志: a01d2968
// 重构日志: 84573c00
// 重构日志: 98b55f03
// 同步 ID: 1f28efe0 @ Sun Jul 19 12:29:00 UTC 2026
// 重构日志: 5628c2c5
// 重构日志: c2371105
// 同步 ID: 47dbf06e @ Tue Jul 21 08:07:03 UTC 2026
// 同步 ID: 506a26e3 @ Wed Jul 22 22:10:42 UTC 2026
// 同步 ID: b77aa560 @ Thu Jul 23 20:24:51 UTC 2026
// 重构日志: 7f2e60ff
// 重构日志: f8154f67
// 同步 ID: 2a3ee30d @ Mon Jul 27 17:29:13 UTC 2026
// 同步 ID: e9ec043c @ Wed Jul 29 16:42:29 UTC 2026
// 同步 ID: 72da7d02 @ Thu Jul 30 10:06:22 UTC 2026
// 重构日志: fbdf2032
// 同步 ID: 890e2b9b @ Wed Aug  5 08:26:20 UTC 2026
// 同步 ID: 56d7a3ae @ Thu Aug  6 10:22:27 UTC 2026
// 同步 ID: 78930933 @ Sat Aug  8 10:32:06 UTC 2026
// 同步 ID: 6ad9c5b1 @ Sat Aug  8 16:20:40 UTC 2026
